// Jest Snapshot v1, https://goo.gl/fbAQLP

exports[`Pruebas del componente <AddElement /> should snapshot verify 1`] = `
<div>
  <p />
  <form
    onSubmit={[Function]}
  >
    <div>
      <input
        onChange={[Function]}
        type="text"
        value=""
      />
    </div>
  </form>
</div>
`;
